failure map n: {'UNDER': 47, 'OVER': 34}
                feature  under_med  over_med   ok_med
0                dk_avg      12.00     15.00    12.25
1               pub_val       2.55      2.48     2.29
2          pub_val_rank       0.10      0.10     0.15
3        pub_minus_ours       0.03     -1.75    -0.17
4               sal_chg       0.00      0.00     0.00
5           prev_fpts_f      12.00     15.00    12.15
6   prev_fpts_minus_sal      -2.10     -2.50    -3.50
7             prev_opps       8.00     12.00     7.00
8               vacated       0.00      0.00     0.00
9                   imp      23.19     23.61    23.39
10             imp_rank       0.46      0.31     0.40
11           game_total      45.67     46.03    45.06
12             rank_gap       0.00      1.00     0.00
13       proj_vs_salfit       0.84      1.23     0.36
14              our_val       2.30      2.55     2.31
15             cheap_te       0.00      0.00     0.00
16               qb_mid       0.00      0.00     0.00
17                 is_q       0.00      0.00     0.00
18              top_gap       7.62      0.00     7.37
19                pos_n      80.00     62.00    79.00
20               salary    5100.00   6500.00  5400.00
21     final_projection      10.97     16.98    11.95
22             exposure       6.67     36.67     8.33
23                 heur       5.77     14.39     6.26
                feature  rho_w1   p_w1  rho_w2   p_w2  rho_pool  p_pool    n  p_bonf  same_sign
18              top_gap   0.482  0.000   0.216  0.004     0.363   0.000  367   0.000       True
3        pub_minus_ours   0.164  0.027   0.277  0.000     0.208   0.000  367   0.001       True
12             rank_gap  -0.425  0.000   0.107  0.149    -0.208   0.000  367   0.001      False
14              our_val  -0.223  0.003  -0.092  0.217    -0.179   0.001  367   0.012       True
16               qb_mid     NaN    NaN     NaN    NaN     0.172   0.001  367   0.020      False
15             cheap_te     NaN    NaN     NaN    NaN     0.171   0.001  367   0.021      False
6   prev_fpts_minus_sal   0.025  0.740   0.243  0.001     0.138   0.008  367   0.168       True
1               pub_val   0.035  0.635   0.247  0.001     0.138   0.008  367   0.170       True
7             prev_opps     NaN    NaN  -0.144  0.075    -0.144   0.075  155   1.000      False
8               vacated   0.068  0.358   0.084  0.258     0.078   0.135  367   1.000       True
4               sal_chg     NaN    NaN   0.178  0.016     0.075   0.149  367   1.000      False
13       proj_vs_salfit  -0.304  0.000   0.201  0.007    -0.069   0.185  367   1.000      False
11           game_total   0.086  0.247   0.025  0.733     0.061   0.243  367   1.000       True
17                 is_q     NaN    NaN     NaN    NaN    -0.060   0.250  367   1.000      False
5           prev_fpts_f  -0.015  0.838   0.130  0.080     0.053   0.312  367   1.000      False
2          pub_val_rank   0.081  0.273  -0.174  0.019    -0.038   0.466  367   1.000      False
0                dk_avg  -0.015  0.838   0.079  0.287     0.027   0.599  367   1.000      False
9                   imp   0.077  0.300  -0.157  0.034    -0.019   0.715  367   1.000      False
10             imp_rank  -0.077  0.296   0.147  0.047     0.018   0.728  367   1.000      False
19                pos_n  -0.017  0.819   0.001  0.993    -0.005   0.919  367   1.000      False
base {'corr_m': np.float64(0.639), 'mae_m': np.float64(7.27), 'chalk_bias': np.float64(-7.9), 'chalk_mae': np.float64(12.9), 'chalk_ge10': '49/62', 'miss12': 32, 'cheap_miss': 17, 'over12': 24}
                feature  corr_m  mae_m  chalk_bias  chalk_mae chalk_ge10  miss12  cheap_miss  over12
0                (base)   0.639   7.27        -7.9       12.9      49/62      32          17      24
1                dk_avg   0.667   6.94        -6.3       12.2      51/62      32          15      25
2               pub_val   0.676   6.75        -6.8       12.1      51/62      31          14      23
3          pub_val_rank   0.641   7.23        -7.9       12.9      50/62      33          16      22
4        pub_minus_ours   0.666   6.94        -7.1       12.3      51/62      30          13      20
5               sal_chg   0.639   7.23        -8.2       12.9      49/62      33          16      24
6           prev_fpts_f   0.660   7.08        -6.3       12.2      50/62      32          15      27
7   prev_fpts_minus_sal   0.660   7.08        -6.3       12.2      50/62      32          15      27
8               vacated   0.639   7.26        -7.9       12.9      49/62      33          17      24
9                   imp   0.639   7.25        -8.1       12.9      48/62      33          17      24
10             imp_rank   0.639   7.26        -8.1       12.9      48/62      32          17      23
11           game_total   0.638   7.30        -8.0       13.0      49/62      32          17      24
12             rank_gap   0.646   7.14        -8.1       12.9      51/62      33          16      22
13       proj_vs_salfit   0.684   6.86        -8.3       12.4      48/62      30          16      17
14              our_val   0.651   7.21        -7.7       12.9      47/62      31          16      27
15             cheap_te   0.638   7.28        -7.9       12.9      49/62      32          17      24
16               qb_mid   0.647   7.15        -7.9       12.9      50/62      32          17      24
17                 is_q   0.639   7.27        -7.9       12.9      48/62      32          17      24
18              top_gap   0.625   7.56        -7.5       13.3      47/62      32          18      27
19                pos_n   0.639   7.28        -7.9       12.9      49/62      32          17      24
